Archive member included to satisfy reference by file (symbol)

/home/kalsifer/st/stm32cubeide_1.16.1/plugins/com.st.stm32cube.ide.mcu.externaltools.gnu-tools-for-stm32.12.3.rel1.linux64_1.0.200.202406132123/tools/bin/../lib/gcc/arm-none-eabi/12.3.1/../../../../arm-none-eabi/lib/thumb/v7e-m+fp/hard/libc_nano.a(libc_a-exit.o)
                              /home/kalsifer/st/stm32cubeide_1.16.1/plugins/com.st.stm32cube.ide.mcu.externaltools.gnu-tools-for-stm32.12.3.rel1.linux64_1.0.200.202406132123/tools/bin/../lib/gcc/arm-none-eabi/12.3.1/../../../../arm-none-eabi/lib/thumb/v7e-m+fp/hard/crt0.o (exit)
/home/kalsifer/st/stm32cubeide_1.16.1/plugins/com.st.stm32cube.ide.mcu.externaltools.gnu-tools-for-stm32.12.3.rel1.linux64_1.0.200.202406132123/tools/bin/../lib/gcc/arm-none-eabi/12.3.1/../../../../arm-none-eabi/lib/thumb/v7e-m+fp/hard/libc_nano.a(libc_a-findfp.o)
                              /home/kalsifer/st/stm32cubeide_1.16.1/plugins/com.st.stm32cube.ide.mcu.externaltools.gnu-tools-for-stm32.12.3.rel1.linux64_1.0.200.202406132123/tools/bin/../lib/gcc/arm-none-eabi/12.3.1/../../../../arm-none-eabi/lib/thumb/v7e-m+fp/hard/libc_nano.a(libc_a-exit.o) (__stdio_exit_handler)
/home/kalsifer/st/stm32cubeide_1.16.1/plugins/com.st.stm32cube.ide.mcu.externaltools.gnu-tools-for-stm32.12.3.rel1.linux64_1.0.200.202406132123/tools/bin/../lib/gcc/arm-none-eabi/12.3.1/../../../../arm-none-eabi/lib/thumb/v7e-m+fp/hard/libc_nano.a(libc_a-fwalk.o)
                              /home/kalsifer/st/stm32cubeide_1.16.1/plugins/com.st.stm32cube.ide.mcu.externaltools.gnu-tools-for-stm32.12.3.rel1.linux64_1.0.200.202406132123/tools/bin/../lib/gcc/arm-none-eabi/12.3.1/../../../../arm-none-eabi/lib/thumb/v7e-m+fp/hard/libc_nano.a(libc_a-findfp.o) (_fwalk_sglue)
/home/kalsifer/st/stm32cubeide_1.16.1/plugins/com.st.stm32cube.ide.mcu.externaltools.gnu-tools-for-stm32.12.3.rel1.linux64_1.0.200.202406132123/tools/bin/../lib/gcc/arm-none-eabi/12.3.1/../../../../arm-none-eabi/lib/thumb/v7e-m+fp/hard/libc_nano.a(libc_a-stdio.o)
                              /home/kalsifer/st/stm32cubeide_1.16.1/plugins/com.st.stm32cube.ide.mcu.externaltools.gnu-tools-for-stm32.12.3.rel1.linux64_1.0.200.202406132123/tools/bin/../lib/gcc/arm-none-eabi/12.3.1/../../../../arm-none-eabi/lib/thumb/v7e-m+fp/hard/libc_nano.a(libc_a-findfp.o) (__sread)
/home/kalsifer/st/stm32cubeide_1.16.1/plugins/com.st.stm32cube.ide.mcu.externaltools.gnu-tools-for-stm32.12.3.rel1.linux64_1.0.200.202406132123/tools/bin/../lib/gcc/arm-none-eabi/12.3.1/../../../../arm-none-eabi/lib/thumb/v7e-m+fp/hard/libc_nano.a(libc_a-memset.o)
                              /home/kalsifer/st/stm32cubeide_1.16.1/plugins/com.st.stm32cube.ide.mcu.externaltools.gnu-tools-for-stm32.12.3.rel1.linux64_1.0.200.202406132123/tools/bin/../lib/gcc/arm-none-eabi/12.3.1/../../../../arm-none-eabi/lib/thumb/v7e-m+fp/hard/crt0.o (memset)
/home/kalsifer/st/stm32cubeide_1.16.1/plugins/com.st.stm32cube.ide.mcu.externaltools.gnu-tools-for-stm32.12.3.rel1.linux64_1.0.200.202406132123/tools/bin/../lib/gcc/arm-none-eabi/12.3.1/../../../../arm-none-eabi/lib/thumb/v7e-m+fp/hard/libc_nano.a(libc_a-closer.o)
                              /home/kalsifer/st/stm32cubeide_1.16.1/plugins/com.st.stm32cube.ide.mcu.externaltools.gnu-tools-for-stm32.12.3.rel1.linux64_1.0.200.202406132123/tools/bin/../lib/gcc/arm-none-eabi/12.3.1/../../../../arm-none-eabi/lib/thumb/v7e-m+fp/hard/libc_nano.a(libc_a-stdio.o) (_close_r)
/home/kalsifer/st/stm32cubeide_1.16.1/plugins/com.st.stm32cube.ide.mcu.externaltools.gnu-tools-for-stm32.12.3.rel1.linux64_1.0.200.202406132123/tools/bin/../lib/gcc/arm-none-eabi/12.3.1/../../../../arm-none-eabi/lib/thumb/v7e-m+fp/hard/libc_nano.a(libc_a-reent.o)
                              /home/kalsifer/st/stm32cubeide_1.16.1/plugins/com.st.stm32cube.ide.mcu.externaltools.gnu-tools-for-stm32.12.3.rel1.linux64_1.0.200.202406132123/tools/bin/../lib/gcc/arm-none-eabi/12.3.1/../../../../arm-none-eabi/lib/thumb/v7e-m+fp/hard/libc_nano.a(libc_a-closer.o) (errno)
/home/kalsifer/st/stm32cubeide_1.16.1/plugins/com.st.stm32cube.ide.mcu.externaltools.gnu-tools-for-stm32.12.3.rel1.linux64_1.0.200.202406132123/tools/bin/../lib/gcc/arm-none-eabi/12.3.1/../../../../arm-none-eabi/lib/thumb/v7e-m+fp/hard/libc_nano.a(libc_a-impure.o)
                              /home/kalsifer/st/stm32cubeide_1.16.1/plugins/com.st.stm32cube.ide.mcu.externaltools.gnu-tools-for-stm32.12.3.rel1.linux64_1.0.200.202406132123/tools/bin/../lib/gcc/arm-none-eabi/12.3.1/../../../../arm-none-eabi/lib/thumb/v7e-m+fp/hard/libc_nano.a(libc_a-reent.o) (_impure_ptr)
/home/kalsifer/st/stm32cubeide_1.16.1/plugins/com.st.stm32cube.ide.mcu.externaltools.gnu-tools-for-stm32.12.3.rel1.linux64_1.0.200.202406132123/tools/bin/../lib/gcc/arm-none-eabi/12.3.1/../../../../arm-none-eabi/lib/thumb/v7e-m+fp/hard/libc_nano.a(libc_a-lseekr.o)
[...]
Memory Configuration

Name             Origin             Length             Attributes
RAM              0x20000000         0x00020000         xrw
FLASH            0x08000000         0x00080000         xr
*default*        0x00000000         0xffffffff

Linker script and memory map

LOAD /home/kalsifer/st/stm32cubeide_1.16.1/plugins/com.st.stm32cube.ide.mcu.externaltools.gnu-tools-for-stm32.12.3.rel1.linux64_1.0.200.202406132123/tools/bin/../lib/gcc/arm-none-eabi/12.3.1/thumb/v7e-m+fp/hard/crti.o
LOAD /home/kalsifer/st/stm32cubeide_1.16.1/plugins/com.st.stm32cube.ide.mcu.externaltools.gnu-tools-for-stm32.12.3.rel1.linux64_1.0.200.202406132123/tools/bin/../lib/gcc/arm-none-eabi/12.3.1/thumb/v7e-m+fp/hard/crtbegin.o
LOAD /home/kalsifer/st/stm32cubeide_1.16.1/plugins/com.st.stm32cube.ide.mcu.externaltools.gnu-tools-for-stm32.12.3.rel1.linux64_1.0.200.202406132123/tools/bin/../lib/gcc/arm-none-eabi/12.3.1/../../../../arm-none-eabi/lib/thumb/v7e-m+fp/hard/crt0.o
LOAD ./Core/Src/main.o
LOAD ./Core/Src/stm32g4xx_hal_msp.o
LOAD ./Core/Src/stm32g4xx_it.o
LOAD ./Core/Src/syscalls.o
LOAD ./Core/Src/sysmem.o
LOAD ./Core/Src/system_stm32g4xx.o
LOAD ./Core/Startup/startup_stm32g474retx.o
LOAD ./Drivers/STM32G4xx_HAL_Driver/Src/stm32g4xx_hal.o
LOAD ./Drivers/STM32G4xx_HAL_Driver/Src/stm32g4xx_hal_cortex.o
LOAD ./Drivers/STM32G4xx_HAL_Driver/Src/stm32g4xx_hal_dma.o
LOAD ./Drivers/STM32G4xx_HAL_Driver/Src/stm32g4xx_hal_dma_ex.o
LOAD ./Drivers/STM32G4xx_HAL_Driver/Src/stm32g4xx_hal_exti.o
LOAD ./Drivers/STM32G4xx_HAL_Driver/Src/stm32g4xx_hal_flash.o
LOAD ./Drivers/STM32G4xx_HAL_Driver/Src/stm32g4xx_hal_flash_ex.o
LOAD ./Drivers/STM32G4xx_HAL_Driver/Src/stm32g4xx_hal_flash_ramfunc.o
LOAD ./Drivers/STM32G4xx_HAL_Driver/Src/stm32g4xx_hal_gpio.o
LOAD ./Drivers/STM32G4xx_HAL_Driver/Src/stm32g4xx_hal_pwr.o
LOAD ./Drivers/STM32G4xx_HAL_Driver/Src/stm32g4xx_hal_pwr_ex.o
LOAD ./Drivers/STM32G4xx_HAL_Driver/Src/stm32g4xx_hal_rcc.o
LOAD ./Drivers/STM32G4xx_HAL_Driver/Src/stm32g4xx_hal_rcc_ex.o
LOAD ./Drivers/STM32G4xx_HAL_Driver/Src/stm32g4xx_hal_spi.o
LOAD ./Drivers/STM32G4xx_HAL_Driver/Src/stm32g4xx_hal_spi_ex.o
LOAD ./Drivers/STM32G4xx_HAL_Driver/Src/stm32g4xx_hal_tim.o
LOAD ./Drivers/STM32G4xx_HAL_Driver/Src/stm32g4xx_hal_tim_ex.o
START GROUP
LOAD /home/kalsifer/st/stm32cubeide_1.16.1/plugins/com.st.stm32cube.ide.mcu.externaltools.gnu-tools-for-stm32.12.3.rel1.linux64_1.0.200.202406132123/tools/bin/../lib/gcc/arm-none-eabi/12.3.1/../../../../arm-none-eabi/lib/thumb/v7e-m+fp/hard/libc_nano.a
LOAD /home/kalsifer/st/stm32cubeide_1.16.1/plugins/com.st.stm32cube.ide.mcu.externaltools.gnu-tools-for-stm32.12.3.rel1.linux64_1.0.200.202406132123/tools/bin/../lib/gcc/arm-none-eabi/12.3.1/../../../../arm-none-eabi/lib/thumb/v7e-m+fp/hard/libm.a
END GROUP
START GROUP
LOAD /home/kalsifer/st/stm32cubeide_1.16.1/plugins/com.st.stm32cube.ide.mcu.externaltools.gnu-tools-for-stm32.12.3.rel1.linux64_1.0.200.202406132123/tools/bin/../lib/gcc/arm-none-eabi/12.3.1/thumb/v7e-m+fp/hard/libgcc.a
LOAD /home/kalsifer/st/stm32cubeide_1.16.1/plugins/com.st.stm32cube.ide.mcu.externaltools.gnu-tools-for-stm32.12.3.rel1.linux64_1.0.200.202406132123/tools/bin/../lib/gcc/arm-none-eabi/12.3.1/../../../../arm-none-eabi/lib/thumb/v7e-m+fp/hard/libc_nano.a
END GROUP
START GROUP
LOAD /home/kalsifer/st/stm32cubeide_1.16.1/plugins/com.st.stm32cube.ide.mcu.externaltools.gnu-tools-for-stm32.12.3.rel1.linux64_1.0.200.202406132123/tools/bin/../lib/gcc/arm-none-eabi/12.3.1/thumb/v7e-m+fp/hard/libgcc.a
LOAD /home/kalsifer/st/stm32cubeide_1.16.1/plugins/com.st.stm32cube.ide.mcu.externaltools.gnu-tools-for-stm32.12.3.rel1.linux64_1.0.200.202406132123/tools/bin/../lib/gcc/arm-none-eabi/12.3.1/../../../../arm-none-eabi/lib/thumb/v7e-m+fp/hard/libc_nano.a
LOAD /home/kalsifer/st/stm32cubeide_1.16.1/plugins/com.st.stm32cube.ide.mcu.externaltools.gnu-tools-for-stm32.12.3.rel1.linux64_1.0.200.202406132123/tools/bin/../lib/gcc/arm-none-eabi/12.3.1/../../../../arm-none-eabi/lib/thumb/v7e-m+fp/hard/libnosys.a
END GROUP
START GROUP
LOAD /home/kalsifer/st/stm32cubeide_1.16.1/plugins/com.st.stm32cube.ide.mcu.externaltools.gnu-tools-for-stm32.12.3.rel1.linux64_1.0.200.202406132123/tools/bin/../lib/gcc/arm-none-eabi/12.3.1/thumb/v7e-m+fp/hard/libgcc.a
LOAD /home/kalsifer/st/stm32cubeide_1.16.1/plugins/com.st.stm32cube.ide.mcu.externaltools.gnu-tools-for-stm32.12.3.rel1.linux64_1.0.200.202406132123/tools/bin/../lib/gcc/arm-none-eabi/12.3.1/../../../../arm-none-eabi/lib/thumb/v7e-m+fp/hard/libc_nano.a
LOAD /home/kalsifer/st/stm32cubeide_1.16.1/plugins/com.st.stm32cube.ide.mcu.externaltools.gnu-tools-for-stm32.12.3.rel1.linux64_1.0.200.202406132123/tools/bin/../lib/gcc/arm-none-eabi/12.3.1/../../../../arm-none-eabi/lib/thumb/v7e-m+fp/hard/libnosys.a
END GROUP
LOAD /home/kalsifer/st/stm32cubeide_1.16.1/plugins/com.st.stm32cube.ide.mcu.externaltools.gnu-tools-for-stm32.12.3.rel1.linux64_1.0.200.202406132123/tools/bin/../lib/gcc/arm-none-eabi/12.3.1/thumb/v7e-m+fp/hard/crtend.o
LOAD /home/kalsifer/st/stm32cubeide_1.16.1/plugins/com.st.stm32cube.ide.mcu.externaltools.gnu-tools-for-stm32.12.3.rel1.linux64_1.0.200.202406132123/tools/bin/../lib/gcc/arm-none-eabi/12.3.1/thumb/v7e-m+fp/hard/crtn.o
                0x20020000                        _estack = (ORIGIN (RAM) + LENGTH (RAM))
                0x00000200                        _Min_Heap_Size = 0x200
                0x00000400                        _Min_Stack_Size = 0x400

.isr_vector     0x08000000      0x1d8
                0x08000000                        . = ALIGN (0x4)
 *(.isr_vector)
 .isr_vector    0x08000000      0x1d8 ./Core/Startup/startup_stm32g474retx.o
                0x08000000                g_pfnVectors
                0x080001d8                        . = ALIGN (0x4)

.text           0x080001d8     0x27dc
                0x080001d8                        . = ALIGN (0x4)
 *(.text)
 .text          0x080001d8       0x40 /home/kalsifer/st/stm32cubeide_1.16.1/plugins/com.st.stm32cube.ide.mcu.externaltools.gnu-tools-for-stm32.12.3.rel1.linux64_1.0.200.202406132123/tools/bin/../lib/gcc/arm-none-eabi/12.3.1/thumb/v7e-m+fp/hard/crtbegin.o
 .text          0x08000218       0x14 /home/kalsifer/st/stm32cubeide_1.16.1/plugins/com.st.stm32cube.ide.mcu.externaltools.gnu-tools-for-stm32.12.3.rel1.linux64_1.0.200.202406132123/tools/bin/../lib/gcc/arm-none-eabi/12.3.1/../../../../arm-none-eabi/lib/thumb/v7e-m+fp/hard/libc_nano.a(libc_a-strcmp.o)
                0x08000218                strcmp
 *(.text*)
 .text.main     0x0800022c       0x58 ./Core/Src/main.o
                0x0800022c                main
 .text.SystemClock_Config
                0x08000284       0x96 ./Core/Src/main.o
                0x08000284                SystemClock_Config
 *fill*         0x0800031a        0x2 
 .text.MX_SPI1_Init
                0x0800031c       0x74 ./Core/Src/main.o
 .text.MX_GPIO_Init
                0x08000390       0xd4 ./Core/Src/main.o
 .text.Error_Handler
                0x08000464        0xc ./Core/Src/main.o
                0x08000464                Error_Handler
 .text.HAL_MspInit
                0x08000470       0x48 ./Core/Src/stm32g4xx_hal_msp.o
                0x08000470                HAL_MspInit
 .text.HAL_SPI_MspInit
                0x080004b8       0x94 ./Core/Src/stm32g4xx_hal_msp.o
                0x080004b8                HAL_SPI_MspInit
 .text.NMI_Handler
                0x0800054c        0x8 ./Core/Src/stm32g4xx_it.o
                0x0800054c                NMI_Handler
 .text.HardFault_Handler
                0x08000554        0x8 ./Core/Src/stm32g4xx_it.o
                0x08000554                HardFault_Handler
 .text.MemManage_Handler
                0x0800055c        0x8 ./Core/Src/stm32g4xx_it.o
                0x0800055c                MemManage_Handler
 .text.BusFault_Handler
                0x08000564        0x8 ./Core/Src/stm32g4xx_it.o
                0x08000564                BusFault_Handler
 .text.UsageFault_Handler
                0x0800056c        0x8 ./Core/Src/stm32g4xx_it.o
                0x0800056c                UsageFault_Handler
 .text.SVC_Handler
                0x08000574        0xe ./Core/Src/stm32g4xx_it.o
                0x08000574                SVC_Handler
 .text.DebugMon_Handler
                0x08000582        0xe ./Core/Src/stm32g4xx_it.o
                0x08000582                DebugMon_Handler
 .text.PendSV_Handler
                0x08000590        0xe ./Core/Src/stm32g4xx_it.o
                0x08000590                PendSV_Handler
 .text.SysTick_Handler
                0x0800059e        0xc ./Core/Src/stm32g4xx_it.o
                0x0800059e                SysTick_Handler
 *fill*         0x080005aa        0x2 
 .text.SPI1_IRQHandler
                0x080005ac       0x14 ./Core/Src/stm32g4xx_it.o
                0x080005ac                SPI1_IRQHandler
 .text.EXTI15_10_IRQHandler
                0x080005c0       0x10 ./Core/Src/stm32g4xx_it.o
                0x080005c0                EXTI15_10_IRQHandler
 .text.SystemInit
                0x080005d0       0x24 ./Core/Src/system_stm32g4xx.o
                0x080005d0                SystemInit
 .text.Reset_Handler
                0x080005f4       0x50 ./Core/Startup/startup_stm32g474retx.o
                0x080005f4                Reset_Handler
 .text.Default_Handler
                0x08000644        0x2 ./Core/Startup/startup_stm32g474retx.o
                0x08000644                RTC_Alarm_IRQHandler
                0x08000644                EXTI2_IRQHandler
                0x08000644                TIM8_TRG_COM_IRQHandler
                0x08000644                TIM8_CC_IRQHandler
                0x08000644                HRTIM1_Master_IRQHandler
                0x08000644                SPI4_IRQHandler
                0x08000644                FDCAN3_IT0_IRQHandler
                0x08000644                TIM1_CC_IRQHandler
                0x08000644                HRTIM1_FLT_IRQHandler
                0x08000644                HRTIM1_TIMF_IRQHandler
                0x08000644                USB_HP_IRQHandler
                0x08000644                CORDIC_IRQHandler
                0x08000644                HRTIM1_TIMD_IRQHandler
                0x08000644                DMA2_Channel8_IRQHandler
                0x08000644                EXTI3_IRQHandler
                0x08000644                I2C3_ER_IRQHandler
                0x08000644                EXTI0_IRQHandler
                0x08000644                I2C2_EV_IRQHandler
                0x08000644                FPU_IRQHandler
                0x08000644                FDCAN1_IT1_IRQHandler
                0x08000644                TIM1_UP_TIM16_IRQHandler
                0x08000644                ADC1_2_IRQHandler
                0x08000644                HRTIM1_TIME_IRQHandler
                0x08000644                TIM6_DAC_IRQHandler
                0x08000644                HRTIM1_TIMC_IRQHandler
                0x08000644                TIM8_UP_IRQHandler
                0x08000644                DMA2_Channel2_IRQHandler
                0x08000644                DMA1_Channel4_IRQHandler
                0x08000644                TIM20_TRG_COM_IRQHandler
                0x08000644                USART3_IRQHandler
                0x08000644                DMA1_Channel7_IRQHandler
                0x08000644                UART5_IRQHandler
                0x08000644                ADC3_IRQHandler
                0x08000644                TIM4_IRQHandler
                0x08000644                DMA2_Channel1_IRQHandler
                0x08000644                QUADSPI_IRQHandler
                0x08000644                I2C1_EV_IRQHandler
                0x08000644                DMA1_Channel6_IRQHandler
                0x08000644                UART4_IRQHandler
                0x08000644                DMA2_Channel4_IRQHandler
                0x08000644                TIM3_IRQHandler
                0x08000644                RCC_IRQHandler
                0x08000644                TIM20_UP_IRQHandler
                0x08000644                DMA1_Channel1_IRQHandler
                0x08000644                Default_Handler
                0x08000644                DMA2_Channel7_IRQHandler
                0x08000644                RTC_TAMP_LSECSS_IRQHandler
                0x08000644                FMAC_IRQHandler
                0x08000644                DMA1_Channel8_IRQHandler
                0x08000644                HRTIM1_TIMA_IRQHandler
                0x08000644                TIM7_DAC_IRQHandler
                0x08000644                FDCAN3_IT1_IRQHandler
                0x08000644                TIM5_IRQHandler
                0x08000644                UCPD1_IRQHandler
                0x08000644                I2C3_EV_IRQHandler
                0x08000644                EXTI9_5_IRQHandler
                0x08000644                RTC_WKUP_IRQHandler
                0x08000644                PVD_PVM_IRQHandler
                0x08000644                SPI2_IRQHandler
                0x08000644                ADC5_IRQHandler
                0x08000644                DMA2_Channel5_IRQHandler
                0x08000644                CRS_IRQHandler
                0x08000644                DMA1_Channel5_IRQHandler
                0x08000644                USB_LP_IRQHandler
                0x08000644                EXTI4_IRQHandler
                0x08000644                RNG_IRQHandler
                0x08000644                HRTIM1_TIMB_IRQHandler
                0x08000644                TIM1_TRG_COM_TIM17_IRQHandler
                0x08000644                FDCAN2_IT1_IRQHandler
                0x08000644                DMA1_Channel3_IRQHandler
                0x08000644                ADC4_IRQHandler
                0x08000644                WWDG_IRQHandler
                0x08000644                I2C4_EV_IRQHandler
                0x08000644                FDCAN2_IT0_IRQHandler
                0x08000644                LPUART1_IRQHandler
                0x08000644                DMA2_Channel6_IRQHandler
                0x08000644                FDCAN1_IT0_IRQHandler
                0x08000644                TIM2_IRQHandler
                0x08000644                COMP7_IRQHandler
                0x08000644                COMP1_2_3_IRQHandler
                0x08000644                EXTI1_IRQHandler
                0x08000644                USART2_IRQHandler
                0x08000644                COMP4_5_6_IRQHandler
                0x08000644                TIM20_BRK_IRQHandler
                0x08000644                I2C2_ER_IRQHandler
                0x08000644                DMA1_Channel2_IRQHandler
                0x08000644                TIM8_BRK_IRQHandler
                0x08000644                FLASH_IRQHandler
                0x08000644                TIM20_CC_IRQHandler
                0x08000644                USART1_IRQHandler
                0x08000644                SPI3_IRQHandler
                0x08000644                I2C1_ER_IRQHandler
                0x08000644                FMC_IRQHandler
                0x08000644                LPTIM1_IRQHandler
                0x08000644                DMAMUX_OVR_IRQHandler
                0x08000644                I2C4_ER_IRQHandler
                0x08000644                USBWakeUp_IRQHandler
                0x08000644                SAI1_IRQHandler
                0x08000644                DMA2_Channel3_IRQHandler
                0x08000644                TIM1_BRK_TIM15_IRQHandler
 .text.HAL_Init
                0x08000646       0x30 ./Drivers/STM32G4xx_HAL_Driver/Src/stm32g4xx_hal.o
                0x08000646                HAL_Init
 *fill*         0x08000676        0x2 
 .text.HAL_InitTick
                0x08000678       0x74 ./Drivers/STM32G4xx_HAL_Driver/Src/stm32g4xx_hal.o
                0x08000678                HAL_InitTick
 .text.HAL_IncTick
                0x080006ec       0x24 ./Drivers/STM32G4xx_HAL_Driver/Src/stm32g4xx_hal.o
                0x080006ec                HAL_IncTick
 .text.HAL_GetTick
                0x08000710       0x18 ./Drivers/STM32G4xx_HAL_Driver/Src/stm32g4xx_hal.o
                0x08000710                HAL_GetTick
 .text.__NVIC_SetPriorityGrouping
                0x08000728       0x48 ./Drivers/STM32G4xx_HAL_Driver/Src/stm32g4xx_hal_cortex.o
 .text.__NVIC_GetPriorityGrouping
                0x08000770       0x1c ./Drivers/STM32G4xx_HAL_Driver/Src/stm32g4xx_hal_cortex.o
 .text.__NVIC_EnableIRQ
                0x0800078c       0x3c ./Drivers/STM32G4xx_HAL_Driver/Src/stm32g4xx_hal_cortex.o
 .text.__NVIC_SetPriority
                0x080007c8       0x54 ./Drivers/STM32G4xx_HAL_Driver/Src/stm32g4xx_hal_cortex.o
 .text.NVIC_EncodePriority
                0x0800081c       0x66 ./Drivers/STM32G4xx_HAL_Driver/Src/stm32g4xx_hal_cortex.o
 *fill*         0x08000882        0x2 
 .text.SysTick_Config
                0x08000884       0x44 ./Drivers/STM32G4xx_HAL_Driver/Src/stm32g4xx_hal_cortex.o
 .text.HAL_NVIC_SetPriorityGrouping
                0x080008c8       0x16 ./Drivers/STM32G4xx_HAL_Driver/Src/stm32g4xx_hal_cortex.o
                0x080008c8                HAL_NVIC_SetPriorityGrouping
 .text.HAL_NVIC_SetPriority
                0x080008de       0x34 ./Drivers/STM32G4xx_HAL_Driver/Src/stm32g4xx_hal_cortex.o
                0x080008de                HAL_NVIC_SetPriority
 .text.HAL_NVIC_EnableIRQ
                0x08000912       0x1c ./Drivers/STM32G4xx_HAL_Driver/Src/stm32g4xx_hal_cortex.o
                0x08000912                HAL_NVIC_EnableIRQ
 .text.HAL_SYSTICK_Config
                0x0800092e       0x18 ./Drivers/STM32G4xx_HAL_Driver/Src/stm32g4xx_hal_cortex.o
                0x0800092e                HAL_SYSTICK_Config
 .text.HAL_DMA_Abort_IT
                0x08000946       0xce ./Drivers/STM32G4xx_HAL_Driver/Src/stm32g4xx_hal_dma.o
                0x08000946                HAL_DMA_Abort_IT
 .text.HAL_GPIO_Init
                0x08000a14      0x304 ./Drivers/STM32G4xx_HAL_Driver/Src/stm32g4xx_hal_gpio.o
                0x08000a14                HAL_GPIO_Init
 .text.HAL_GPIO_EXTI_IRQHandler
                0x08000d18       0x30 ./Drivers/STM32G4xx_HAL_Driver/Src/stm32g4xx_hal_gpio.o
                0x08000d18                HAL_GPIO_EXTI_IRQHandler
 .text.HAL_GPIO_EXTI_Callback
                0x08000d48       0x16 ./Drivers/STM32G4xx_HAL_Driver/Src/stm32g4xx_hal_gpio.o
                0x08000d48                HAL_GPIO_EXTI_Callback
 *fill*         0x08000d5e        0x2 
 .text.HAL_PWREx_ControlVoltageScaling
                0x08000d60      0x148 ./Drivers/STM32G4xx_HAL_Driver/Src/stm32g4xx_hal_pwr_ex.o
                0x08000d60                HAL_PWREx_ControlVoltageScaling
 .text.HAL_PWREx_DisableUCPDDeadBattery
                0x08000ea8       0x20 ./Drivers/STM32G4xx_HAL_Driver/Src/stm32g4xx_hal_pwr_ex.o
                0x08000ea8                HAL_PWREx_DisableUCPDDeadBattery
 .text.HAL_RCC_OscConfig
                0x08000ec8      0x624 ./Drivers/STM32G4xx_HAL_Driver/Src/stm32g4xx_hal_rcc.o
                0x08000ec8                HAL_RCC_OscConfig
 .text.HAL_RCC_ClockConfig
                0x080014ec      0x278 ./Drivers/STM32G4xx_HAL_Driver/Src/stm32g4xx_hal_rcc.o
                0x080014ec                HAL_RCC_ClockConfig
 .text.HAL_RCC_GetSysClockFreq
                0x08001764       0xc4 ./Drivers/STM32G4xx_HAL_Driver/Src/stm32g4xx_hal_rcc.o
                0x08001764                HAL_RCC_GetSysClockFreq
 .text.RCC_GetSysClockFreqFromPLLSource
                0x08001828       0x8c ./Drivers/STM32G4xx_HAL_Driver/Src/stm32g4xx_hal_rcc.o
 .text.HAL_SPI_Init
                0x080018b4      0x156 ./Drivers/STM32G4xx_HAL_Driver/Src/stm32g4xx_hal_spi.o
                0x080018b4                HAL_SPI_Init
 .text.HAL_SPI_Transmit
                0x08001a0a      0x2ec ./Drivers/STM32G4xx_HAL_Driver/Src/stm32g4xx_hal_spi.o
                0x08001a0a                HAL_SPI_Transmit
 .text.HAL_SPI_Receive
                0x08001cf6      0x270 ./Drivers/STM32G4xx_HAL_Driver/Src/stm32g4xx_hal_spi.o
                0x08001cf6                HAL_SPI_Receive
 .text.HAL_SPI_TransmitReceive
                0x08001f66      0x43e ./Drivers/STM32G4xx_HAL_Driver/Src/stm32g4xx_hal_spi.o
                0x08001f66                HAL_SPI_TransmitReceive
 .text.HAL_SPI_IRQHandler
                0x080023a4      0x1e8 ./Drivers/STM32G4xx_HAL_Driver/Src/stm32g4xx_hal_spi.o
                0x080023a4                HAL_SPI_IRQHandler
 .text.HAL_SPI_ErrorCallback
                0x0800258c       0x14 ./Drivers/STM32G4xx_HAL_Driver/Src/stm32g4xx_hal_spi.o
                0x0800258c                HAL_SPI_ErrorCallback
 .text.SPI_DMAAbortOnError
                0x080025a0       0x2a ./Drivers/STM32G4xx_HAL_Driver/Src/stm32g4xx_hal_spi.o
 *fill*         0x080025ca        0x2 
 .text.SPI_WaitFlagStateUntilTimeout
                0x080025cc      0x110 ./Drivers/STM32G4xx_HAL_Driver/Src/stm32g4xx_hal_spi.o
 .text.SPI_WaitFifoStateUntilTimeout
                0x080026dc      0x12c ./Drivers/STM32G4xx_HAL_Driver/Src/stm32g4xx_hal_spi.o
 .text.SPI_EndRxTransaction
                0x08002808       0xb0 ./Drivers/STM32G4xx_HAL_Driver/Src/stm32g4xx_hal_spi.o
 .text.SPI_EndRxTxTransaction
                0x080028b8       0x8c ./Drivers/STM32G4xx_HAL_Driver/Src/stm32g4xx_hal_spi.o
 .text.memset   0x08002944       0x10 /home/kalsifer/st/stm32cubeide_1.16.1/plugins/com.st.stm32cube.ide.mcu.externaltools.gnu-tools-for-stm32.12.3.rel1.linux64_1.0.200.202406132123/tools/bin/../lib/gcc/arm-none-eabi/12.3.1/../../../../arm-none-eabi/lib/thumb/v7e-m+fp/hard/libc_nano.a(libc_a-memset.o)
                0x08002944                memset
 .text.__libc_init_array
                0x08002954       0x48 /home/kalsifer/st/stm32cubeide_1.16.1/plugins/com.st.stm32cube.ide.mcu.externaltools.gnu-tools-for-stm32.12.3.rel1.linux64_1.0.200.202406132123/tools/bin/../lib/gcc/arm-none-eabi/12.3.1/../../../../arm-none-eabi/lib/thumb/v7e-m+fp/hard/libc_nano.a(libc_a-init.o)
                0x08002954                __libc_init_array
 *(.glue_7)
 .glue_7        0x0800299c        0x0 linker stubs
 *(.glue_7t)
 .glue_7t       0x0800299c        0x0 linker stubs
 *(.eh_frame)
 .eh_frame      0x0800299c        0x0 /home/kalsifer/st/stm32cubeide_1.16.1/plugins/com.st.stm32cube.ide.mcu.externaltools.gnu-tools-for-stm32.12.3.rel1.linux64_1.0.200.202406132123/tools/bin/../lib/gcc/arm-none-eabi/12.3.1/thumb/v7e-m+fp/hard/crtbegin.o
 *(.init)
 .init          0x0800299c        0x4 /home/kalsifer/st/stm32cubeide_1.16.1/plugins/com.st.stm32cube.ide.mcu.externaltools.gnu-tools-for-stm32.12.3.rel1.linux64_1.0.200.202406132123/tools/bin/../lib/gcc/arm-none-eabi/12.3.1/thumb/v7e-m+fp/hard/crti.o
                0x0800299c                _init
 .init          0x080029a0        0x8 /home/kalsifer/st/stm32cubeide_1.16.1/plugins/com.st.stm32cube.ide.mcu.externaltools.gnu-tools-for-stm32.12.3.rel1.linux64_1.0.200.202406132123/tools/bin/../lib/gcc/arm-none-eabi/12.3.1/thumb/v7e-m+fp/hard/crtn.o
 *(.fini)
 .fini          0x080029a8        0x4 /home/kalsifer/st/stm32cubeide_1.16.1/plugins/com.st.stm32cube.ide.mcu.externaltools.gnu-tools-for-stm32.12.3.rel1.linux64_1.0.200.202406132123/tools/bin/../lib/gcc/arm-none-eabi/12.3.1/thumb/v7e-m+fp/hard/crti.o
                0x080029a8                _fini
 .fini          0x080029ac        0x8 /home/kalsifer/st/stm32cubeide_1.16.1/plugins/com.st.stm32cube.ide.mcu.externaltools.gnu-tools-for-stm32.12.3.rel1.linux64_1.0.200.202406132123/tools/bin/../lib/gcc/arm-none-eabi/12.3.1/thumb/v7e-m+fp/hard/crtn.o
                0x080029b4                        . = ALIGN (0x4)
                0x080029b4                        _etext = .

.vfp11_veneer   0x080029b4        0x0
 .vfp11_veneer  0x080029b4        0x0 linker stubs

.v4_bx          0x080029b4        0x0
 .v4_bx         0x080029b4        0x0 linker stubs

.iplt           0x080029b4        0x0
 .iplt          0x080029b4        0x0 /home/kalsifer/st/stm32cubeide_1.16.1/plugins/com.st.stm32cube.ide.mcu.externaltools.gnu-tools-for-stm32.12.3.rel1.linux64_1.0.200.202406132123/tools/bin/../lib/gcc/arm-none-eabi/12.3.1/thumb/v7e-m+fp/hard/crtbegin.o

.rodata         0x080029b4       0x18
                0x080029b4                        . = ALIGN (0x4)
 *(.rodata)
 .rodata        0x080029b4        0x5 ./Core/Src/main.o
 *(.rodata*)
 *fill*         0x080029b9        0x3 
 .rodata.AHBPrescTable
                0x080029bc       0x10 ./Core/Src/system_stm32g4xx.o
                0x080029bc                AHBPrescTable
                0x080029cc                        . = ALIGN (0x4)

.ARM.extab      0x080029cc        0x0
                0x080029cc                        . = ALIGN (0x4)
 *(.ARM.extab* .gnu.linkonce.armextab.*)
                0x080029cc                        . = ALIGN (0x4)

.ARM            0x080029cc        0x8
                0x080029cc                        . = ALIGN (0x4)
                0x080029cc                        __exidx_start = .
 *(.ARM.exidx*)
 .ARM.exidx     0x080029cc        0x8 /home/kalsifer/st/stm32cubeide_1.16.1/plugins/com.st.stm32cube.ide.mcu.externaltools.gnu-tools-for-stm32.12.3.rel1.linux64_1.0.200.202406132123/tools/bin/../lib/gcc/arm-none-eabi/12.3.1/../../../../arm-none-eabi/lib/thumb/v7e-m+fp/hard/libc_nano.a(libc_a-strcmp.o)
                0x080029d4                        __exidx_end = .
                0x080029d4                        . = ALIGN (0x4)

.preinit_array  0x080029d4        0x0
                0x080029d4                        . = ALIGN (0x4)
                0x080029d4                        PROVIDE (__preinit_array_start = .)
 *(.preinit_array*)
                0x080029d4                        PROVIDE (__preinit_array_end = .)
                0x080029d4                        . = ALIGN (0x4)

.init_array     0x080029d4        0x4
                0x080029d4                        . = ALIGN (0x4)
                0x080029d4                        PROVIDE (__init_array_start = .)
 *(SORT_BY_NAME(.init_array.*))
 *(.init_array*)
 .init_array    0x080029d4        0x4 /home/kalsifer/st/stm32cubeide_1.16.1/plugins/com.st.stm32cube.ide.mcu.externaltools.gnu-tools-for-stm32.12.3.rel1.linux64_1.0.200.202406132123/tools/bin/../lib/gcc/arm-none-eabi/12.3.1/thumb/v7e-m+fp/hard/crtbegin.o
                0x080029d8                        PROVIDE (__init_array_end = .)
                0x080029d8                        . = ALIGN (0x4)

.fini_array     0x080029d8        0x4
                0x080029d8                        . = ALIGN (0x4)
                [!provide]                        PROVIDE (__fini_array_start = .)
 *(SORT_BY_NAME(.fini_array.*))
 *(.fini_array*)
 .fini_array    0x080029d8        0x4 /home/kalsifer/st/stm32cubeide_1.16.1/plugins/com.st.stm32cube.ide.mcu.externaltools.gnu-tools-for-stm32.12.3.rel1.linux64_1.0.200.202406132123/tools/bin/../lib/gcc/arm-none-eabi/12.3.1/thumb/v7e-m+fp/hard/crtbegin.o
                [!provide]                        PROVIDE (__fini_array_end = .)
                0x080029dc                        . = ALIGN (0x4)
                0x080029dc                        _sidata = LOADADDR (.data)

.rel.dyn        0x080029dc        0x0
 .rel.iplt      0x080029dc        0x0 /home/kalsifer/st/stm32cubeide_1.16.1/plugins/com.st.stm32cube.ide.mcu.externaltools.gnu-tools-for-stm32.12.3.rel1.linux64_1.0.200.202406132123/tools/bin/../lib/gcc/arm-none-eabi/12.3.1/thumb/v7e-m+fp/hard/crtbegin.o

.data           0x20000000       0x1c load address 0x080029dc
                0x20000000                        . = ALIGN (0x4)
                0x20000000                        _sdata = .
 *(.data)
 *(.data*)
 .data.tx_buffer
                0x20000000        0x5 ./Core/Src/main.o
                0x20000000                tx_buffer
 *fill*         0x20000005        0x3 
 .data.rx_buffer
                0x20000008        0x5 ./Core/Src/main.o
                0x20000008                rx_buffer
 *fill*         0x2000000d        0x3 
 .data.SystemCoreClock
                0x20000010        0x4 ./Core/Src/system_stm32g4xx.o
                0x20000010                SystemCoreClock
 .data.uwTickPrio
                0x20000014        0x4 ./Drivers/STM32G4xx_HAL_Driver/Src/stm32g4xx_hal.o
                0x20000014                uwTickPrio
 .data.uwTickFreq
                0x20000018        0x4 ./Drivers/STM32G4xx_HAL_Driver/Src/stm32g4xx_hal.o
                0x20000018                uwTickFreq
 *(.RamFunc)
 *(.RamFunc*)
                0x2000001c                        . = ALIGN (0x4)
                0x2000001c                        _edata = .

.igot.plt       0x2000001c        0x0 load address 0x080029f8
 .igot.plt      0x2000001c        0x0 /home/kalsifer/st/stm32cubeide_1.16.1/plugins/com.st.stm32cube.ide.mcu.externaltools.gnu-tools-for-stm32.12.3.rel1.linux64_1.0.200.202406132123/tools/bin/../lib/gcc/arm-none-eabi/12.3.1/thumb/v7e-m+fp/hard/crtbegin.o
                0x2000001c                        . = ALIGN (0x4)

.bss            0x2000001c       0x84 load address 0x080029f8
                0x2000001c                        _sbss = .
                0x2000001c                        __bss_start__ = _sbss
 *(.bss)
 .bss           0x2000001c       0x1c /home/kalsifer/st/stm32cubeide_1.16.1/plugins/com.st.stm32cube.ide.mcu.externaltools.gnu-tools-for-stm32.12.3.rel1.linux64_1.0.200.202406132123/tools/bin/../lib/gcc/arm-none-eabi/12.3.1/thumb/v7e-m+fp/hard/crtbegin.o
 *(.bss*)
 .bss.hspi1     0x20000038       0x64 ./Core/Src/main.o
                0x20000038                hspi1
 .bss.uwTick    0x2000009c        0x4 ./Drivers/STM32G4xx_HAL_Driver/Src/stm32g4xx_hal.o
                0x2000009c                uwTick
 *(COMMON)
                0x200000a0                        . = ALIGN (0x4)
                0x200000a0                        _ebss = .
                0x200000a0                        __bss_end__ = _ebss

._user_heap_stack
                0x200000a0      0x600 load address 0x080029f8
                0x200000a0                        . = ALIGN (0x8)
                [!provide]                        PROVIDE (end = .)
                0x200000a0                        PROVIDE (_end = .)
                0x200002a0                        . = (. + _Min_Heap_Size)
 *fill*         0x200000a0      0x200 
                0x200006a0                        . = (. + _Min_Stack_Size)
 *fill*         0x200002a0      0x400 
                0x200006a0                        . = ALIGN (0x8)

/DISCARD/
 libc.a(*)
 libm.a(*)
 libgcc.a(*)

.ARM.attributes
                0x00000000       0x30
 *(.ARM.attributes)
 .ARM.attributes
                0x00000000       0x22 /home/kalsifer/st/stm32cubeide_1.16.1/plugins/com.st.stm32cube.ide.mcu.externaltools.gnu-tools-for-stm32.12.3.rel1.linux64_1.0.200.202406132123/tools/bin/../lib/gcc/arm-none-eabi/12.3.1/thumb/v7e-m+fp/hard/crti.o
 .ARM.attributes
                0x00000022       0x34 /home/kalsifer/st/stm32cubeide_1.16.1/plugins/com.st.stm32cube.ide.mcu.externaltools.gnu-tools-for-stm32.12.3.rel1.linux64_1.0.200.202406132123/tools/bin/../lib/gcc/arm-none-eabi/12.3.1/thumb/v7e-m+fp/hard/crtbegin.o
 .ARM.attributes
                0x00000056       0x34 ./Core/Src/main.o
 .ARM.attributes
                0x0000008a       0x34 ./Core/Src/stm32g4xx_hal_msp.o
 .ARM.attributes
                0x000000be       0x34 ./Core/Src/stm32g4xx_it.o
 .ARM.attributes
                0x000000f2       0x34 ./Core/Src/system_stm32g4xx.o
 .ARM.attributes
                0x00000126       0x21 ./Core/Startup/startup_stm32g474retx.o
 .ARM.attributes
                0x00000147       0x34 ./Drivers/STM32G4xx_HAL_Driver/Src/stm32g4xx_hal.o
 .ARM.attributes
                0x0000017b       0x34 ./Drivers/STM32G4xx_HAL_Driver/Src/stm32g4xx_hal_cortex.o
 .ARM.attributes
                0x000001af       0x34 ./Drivers/STM32G4xx_HAL_Driver/Src/stm32g4xx_hal_dma.o
 .ARM.attributes
                0x000001e3       0x34 ./Drivers/STM32G4xx_HAL_Driver/Src/stm32g4xx_hal_gpio.o
 .ARM.attributes
                0x00000217       0x34 ./Drivers/STM32G4xx_HAL_Driver/Src/stm32g4xx_hal_pwr_ex.o
 .ARM.attributes
                0x0000024b       0x34 ./Drivers/STM32G4xx_HAL_Driver/Src/stm32g4xx_hal_rcc.o
 .ARM.attributes
                0x0000027f       0x34 ./Drivers/STM32G4xx_HAL_Driver/Src/stm32g4xx_hal_spi.o
 .ARM.attributes
                0x000002b3       0x34 /home/kalsifer/st/stm32cubeide_1.16.1/plugins/com.st.stm32cube.ide.mcu.externaltools.gnu-tools-for-stm32.12.3.rel1.linux64_1.0.200.202406132123/tools/bin/../lib/gcc/arm-none-eabi/12.3.1/../../../../arm-none-eabi/lib/thumb/v7e-m+fp/hard/libc_nano.a(libc_a-memset.o)
 .ARM.attributes
                0x000002e7       0x34 /home/kalsifer/st/stm32cubeide_1.16.1/plugins/com.st.stm32cube.ide.mcu.externaltools.gnu-tools-for-stm32.12.3.rel1.linux64_1.0.200.202406132123/tools/bin/../lib/gcc/arm-none-eabi/12.3.1/../../../../arm-none-eabi/lib/thumb/v7e-m+fp/hard/libc_nano.a(libc_a-init.o)
 .ARM.attributes
                0x0000031b       0x20 /home/kalsifer/st/stm32cubeide_1.16.1/plugins/com.st.stm32cube.ide.mcu.externaltools.gnu-tools-for-stm32.12.3.rel1.linux64_1.0.200.202406132123/tools/bin/../lib/gcc/arm-none-eabi/12.3.1/../../../../arm-none-eabi/lib/thumb/v7e-m+fp/hard/libc_nano.a(libc_a-strcmp.o)
 .ARM.attributes
                0x0000033b       0x22 /home/kalsifer/st/stm32cubeide_1.16.1/plugins/com.st.stm32cube.ide.mcu.externaltools.gnu-tools-for-stm32.12.3.rel1.linux64_1.0.200.202406132123/tools/bin/../lib/gcc/arm-none-eabi/12.3.1/thumb/v7e-m+fp/hard/crtn.o
OUTPUT(daq.elf elf32-littlearm)
LOAD linker stubs
LOAD /home/kalsifer/st/stm32cubeide_1.16.1/plugins/com.st.stm32cube.ide.mcu.externaltools.gnu-tools-for-stm32.12.3.rel1.linux64_1.0.200.202406132123/tools/bin/../lib/gcc/arm-none-eabi/12.3.1/../../../../arm-none-eabi/lib/thumb/v7e-m+fp/hard/libc.a
LOAD /home/kalsifer/st/stm32cubeide_1.16.1/plugins/com.st.stm32cube.ide.mcu.externaltools.gnu-tools-for-stm32.12.3.rel1.linux64_1.0.200.202406132123/tools/bin/../lib/gcc/arm-none-eabi/12.3.1/../../../../arm-none-eabi/lib/thumb/v7e-m+fp/hard/libm.a
LOAD /home/kalsifer/st/stm32cubeide_1.16.1/plugins/com.st.stm32cube.ide.mcu.externaltools.gnu-tools-for-stm32.12.3.rel1.linux64_1.0.200.202406132123/tools/bin/../lib/gcc/arm-none-eabi/12.3.1/thumb/v7e-m+fp/hard/libgcc.a

.debug_info     0x00000000     0x806f
 .debug_info    0x00000000     0x107f ./Core/Src/main.o
 .debug_info    0x0000107f      0xdc2 ./Core/Src/stm32g4xx_hal_msp.o
 .debug_info    0x00001e41      0x78a ./Core/Src/stm32g4xx_it.o
 .debug_info    0x000025cb      0x58e ./Core/Src/system_stm32g4xx.o
 .debug_info    0x00002b59       0x30 ./Core/Startup/startup_stm32g474retx.o
 .debug_info    0x00002b89      0xb95 ./Drivers/STM32G4xx_HAL_Driver/Src/stm32g4xx_hal.o
 .debug_info    0x0000371e      0xdf9 ./Drivers/STM32G4xx_HAL_Driver/Src/stm32g4xx_hal_cortex.o
 .debug_info    0x00004517      0x85f ./Drivers/STM32G4xx_HAL_Driver/Src/stm32g4xx_hal_dma.o
 .debug_info    0x00004d76      0x763 ./Drivers/STM32G4xx_HAL_Driver/Src/stm32g4xx_hal_gpio.o
 .debug_info    0x000054d9      0x93f ./Drivers/STM32G4xx_HAL_Driver/Src/stm32g4xx_hal_pwr_ex.o
 .debug_info    0x00005e18      0xbe0 ./Drivers/STM32G4xx_HAL_Driver/Src/stm32g4xx_hal_rcc.o
 .debug_info    0x000069f8     0x1677 ./Drivers/STM32G4xx_HAL_Driver/Src/stm32g4xx_hal_spi.o

.debug_abbrev   0x00000000     0x1773
 .debug_abbrev  0x00000000      0x262 ./Core/Src/main.o
 .debug_abbrev  0x00000262      0x1c3 ./Core/Src/stm32g4xx_hal_msp.o
 .debug_abbrev  0x00000425      0x184 ./Core/Src/stm32g4xx_it.o
 .debug_abbrev  0x000005a9      0x11a ./Core/Src/system_stm32g4xx.o
 .debug_abbrev  0x000006c3       0x24 ./Core/Startup/startup_stm32g474retx.o
 .debug_abbrev  0x000006e7      0x271 ./Drivers/STM32G4xx_HAL_Driver/Src/stm32g4xx_hal.o
 .debug_abbrev  0x00000958      0x31c ./Drivers/STM32G4xx_HAL_Driver/Src/stm32g4xx_hal_cortex.o
 .debug_abbrev  0x00000c74      0x1e2 ./Drivers/STM32G4xx_HAL_Driver/Src/stm32g4xx_hal_dma.o
 .debug_abbrev  0x00000e56      0x1cb ./Drivers/STM32G4xx_HAL_Driver/Src/stm32g4xx_hal_gpio.o
 .debug_abbrev  0x00001021      0x22c ./Drivers/STM32G4xx_HAL_Driver/Src/stm32g4xx_hal_pwr_ex.o
 .debug_abbrev  0x0000124d      0x2c9 ./Drivers/STM32G4xx_HAL_Driver/Src/stm32g4xx_hal_rcc.o
 .debug_abbrev  0x00001516      0x25d ./Drivers/STM32G4xx_HAL_Driver/Src/stm32g4xx_hal_spi.o

.debug_aranges  0x00000000      0x838
 .debug_aranges
                0x00000000       0x40 ./Core/Src/main.o
 .debug_aranges
                0x00000040       0x30 ./Core/Src/stm32g4xx_hal_msp.o
 .debug_aranges
                0x00000070       0x70 ./Core/Src/stm32g4xx_it.o
 .debug_aranges
                0x000000e0       0x28 ./Core/Src/system_stm32g4xx.o
 .debug_aranges
                0x00000108       0x28 ./Core/Startup/startup_stm32g474retx.o
 .debug_aranges
                0x00000130      0x148 ./Drivers/STM32G4xx_HAL_Driver/Src/stm32g4xx_hal.o
 .debug_aranges
                0x00000278      0x128 ./Drivers/STM32G4xx_HAL_Driver/Src/stm32g4xx_hal_cortex.o
 .debug_aranges
                0x000003a0       0x90 ./Drivers/STM32G4xx_HAL_Driver/Src/stm32g4xx_hal_dma.o
 .debug_aranges
                0x00000430       0x58 ./Drivers/STM32G4xx_HAL_Driver/Src/stm32g4xx_hal_gpio.o
 .debug_aranges
                0x00000488      0x140 ./Drivers/STM32G4xx_HAL_Driver/Src/stm32g4xx_hal_pwr_ex.o
 .debug_aranges
                0x000005c8       0x98 ./Drivers/STM32G4xx_HAL_Driver/Src/stm32g4xx_hal_rcc.o
 .debug_aranges
                0x00000660      0x1d8 ./Drivers/STM32G4xx_HAL_Driver/Src/stm32g4xx_hal_spi.o

.debug_rnglists
                0x00000000      0x627
 .debug_rnglists
                0x00000000       0x2d ./Core/Src/main.o
 .debug_rnglists
                0x0000002d       0x20 ./Core/Src/stm32g4xx_hal_msp.o
 .debug_rnglists
                0x0000004d       0x4f ./Core/Src/stm32g4xx_it.o
 .debug_rnglists
                0x0000009c       0x1a ./Core/Src/system_stm32g4xx.o
 .debug_rnglists
                0x000000b6       0x19 ./Core/Startup/startup_stm32g474retx.o
 .debug_rnglists
                0x000000cf       0xf1 ./Drivers/STM32G4xx_HAL_Driver/Src/stm32g4xx_hal.o
 .debug_rnglists
                0x000001c0       0xda ./Drivers/STM32G4xx_HAL_Driver/Src/stm32g4xx_hal_cortex.o
 .debug_rnglists
                0x0000029a       0x71 ./Drivers/STM32G4xx_HAL_Driver/Src/stm32g4xx_hal_dma.o
 .debug_rnglists
                0x0000030b       0x3f ./Drivers/STM32G4xx_HAL_Driver/Src/stm32g4xx_hal_gpio.o
 .debug_rnglists
                0x0000034a       0xf1 ./Drivers/STM32G4xx_HAL_Driver/Src/stm32g4xx_hal_pwr_ex.o
 .debug_rnglists
                0x0000043b       0x74 ./Drivers/STM32G4xx_HAL_Driver/Src/stm32g4xx_hal_rcc.o
 .debug_rnglists
                0x000004af      0x178 ./Drivers/STM32G4xx_HAL_Driver/Src/stm32g4xx_hal_spi.o

.debug_macro    0x00000000    0x241c2
 .debug_macro   0x00000000      0x298 ./Core/Src/main.o
 .debug_macro   0x00000298      0xab4 ./Core/Src/main.o
 .debug_macro   0x00000d4c      0x155 ./Core/Src/main.o
 .debug_macro   0x00000ea1       0x2e ./Core/Src/main.o
 .debug_macro   0x00000ecf       0x28 ./Core/Src/main.o
 .debug_macro   0x00000ef7       0x22 ./Core/Src/main.o
 .debug_macro   0x00000f19       0x8e ./Core/Src/main.o
 .debug_macro   0x00000fa7       0x51 ./Core/Src/main.o
 .debug_macro   0x00000ff8      0x103 ./Core/Src/main.o
 .debug_macro   0x000010fb       0x6a ./Core/Src/main.o
 .debug_macro   0x00001165      0x1df ./Core/Src/main.o
 .debug_macro   0x00001344       0x1c ./Core/Src/main.o
 .debug_macro   0x00001360       0x22 ./Core/Src/main.o
 .debug_macro   0x00001382       0xfb ./Core/Src/main.o
 .debug_macro   0x0000147d     0x1011 ./Core/Src/main.o
 .debug_macro   0x0000248e      0x11f ./Core/Src/main.o
 .debug_macro   0x000025ad    0x18b8c ./Core/Src/main.o
 .debug_macro   0x0001b139       0x6d ./Core/Src/main.o
 .debug_macro   0x0001b1a6     0x3558 ./Core/Src/main.o
 .debug_macro   0x0001e6fe      0x189 ./Core/Src/main.o
 .debug_macro   0x0001e887       0x5c ./Core/Src/main.o
 .debug_macro   0x0001e8e3     0x171f ./Core/Src/main.o
 .debug_macro   0x00020002      0x600 ./Core/Src/main.o
 .debug_macro   0x00020602      0x1b6 ./Core/Src/main.o
 .debug_macro   0x000207b8      0x34a ./Core/Src/main.o
 .debug_macro   0x00020b02      0x53c ./Core/Src/main.o
 .debug_macro   0x0002103e      0x18b ./Core/Src/main.o
 .debug_macro   0x000211c9       0x43 ./Core/Src/main.o
 .debug_macro   0x0002120c      0x23d ./Core/Src/main.o
 .debug_macro   0x00021449      0x211 ./Core/Src/main.o
 .debug_macro   0x0002165a      0x45c ./Core/Src/main.o
 .debug_macro   0x00021ab6      0x11c ./Core/Src/main.o
 .debug_macro   0x00021bd2      0x122 ./Core/Src/main.o
 .debug_macro   0x00021cf4      0x3d1 ./Core/Src/main.o
 .debug_macro   0x000220c5      0x2fe ./Core/Src/main.o
 .debug_macro   0x000223c3      0x358 ./Core/Src/main.o
 .debug_macro   0x0002271b       0x82 ./Core/Src/main.o
 .debug_macro   0x0002279d       0x61 ./Core/Src/main.o
 .debug_macro   0x000227fe       0x2a ./Core/Src/main.o
 .debug_macro   0x00022828       0x43 ./Core/Src/main.o
 .debug_macro   0x0002286b       0x34 ./Core/Src/main.o
 .debug_macro   0x0002289f       0x16 ./Core/Src/main.o
 .debug_macro   0x000228b5       0x43 ./Core/Src/main.o
 .debug_macro   0x000228f8       0x34 ./Core/Src/main.o
 .debug_macro   0x0002292c       0x10 ./Core/Src/main.o
 .debug_macro   0x0002293c       0x58 ./Core/Src/main.o
 .debug_macro   0x00022994       0x8e ./Core/Src/main.o
 .debug_macro   0x00022a22       0x1c ./Core/Src/main.o
 .debug_macro   0x00022a3e      0x177 ./Core/Src/main.o
 .debug_macro   0x00022bb5      0x369 ./Core/Src/main.o
 .debug_macro   0x00022f1e       0x10 ./Core/Src/main.o
 .debug_macro   0x00022f2e       0x35 ./Core/Src/main.o
 .debug_macro   0x00022f63       0x20 ./Core/Src/main.o
 .debug_macro   0x00022f83      0x1ca ./Core/Src/stm32g4xx_hal_msp.o
 .debug_macro   0x0002314d      0x1d4 ./Core/Src/stm32g4xx_it.o
 .debug_macro   0x00023321      0x1bb ./Core/Src/system_stm32g4xx.o
 .debug_macro   0x000234dc      0x209 ./Drivers/STM32G4xx_HAL_Driver/Src/stm32g4xx_hal.o
 .debug_macro   0x000236e5      0x1bb ./Drivers/STM32G4xx_HAL_Driver/Src/stm32g4xx_hal_cortex.o
 .debug_macro   0x000238a0      0x1bb ./Drivers/STM32G4xx_HAL_Driver/Src/stm32g4xx_hal_dma.o
 .debug_macro   0x00023a5b      0x1c2 ./Drivers/STM32G4xx_HAL_Driver/Src/stm32g4xx_hal_gpio.o
 .debug_macro   0x00023c1d      0x1e5 ./Drivers/STM32G4xx_HAL_Driver/Src/stm32g4xx_hal_pwr_ex.o
 .debug_macro   0x00023e02      0x1fd ./Drivers/STM32G4xx_HAL_Driver/Src/stm32g4xx_hal_rcc.o
 .debug_macro   0x00023fff      0x1c3 ./Drivers/STM32G4xx_HAL_Driver/Src/stm32g4xx_hal_spi.o

.debug_line     0x00000000     0x8960
 .debug_line    0x00000000      0x902 ./Core/Src/main.o
 .debug_line    0x00000902      0x6f5 ./Core/Src/stm32g4xx_hal_msp.o
 .debug_line    0x00000ff7      0x796 ./Core/Src/stm32g4xx_it.o
 .debug_line    0x0000178d      0x710 ./Core/Src/system_stm32g4xx.o
 .debug_line    0x00001e9d       0x7b ./Core/Startup/startup_stm32g474retx.o
 .debug_line    0x00001f18      0xacc ./Drivers/STM32G4xx_HAL_Driver/Src/stm32g4xx_hal.o
 .debug_line    0x000029e4      0xc5f ./Drivers/STM32G4xx_HAL_Driver/Src/stm32g4xx_hal_cortex.o
 .debug_line    0x00003643      0xdf6 ./Drivers/STM32G4xx_HAL_Driver/Src/stm32g4xx_hal_dma.o
 .debug_line    0x00004439      0xae5 ./Drivers/STM32G4xx_HAL_Driver/Src/stm32g4xx_hal_gpio.o
 .debug_line    0x00004f1e      0xc3b ./Drivers/STM32G4xx_HAL_Driver/Src/stm32g4xx_hal_pwr_ex.o
 .debug_line    0x00005b59      0xe97 ./Drivers/STM32G4xx_HAL_Driver/Src/stm32g4xx_hal_rcc.o
 .debug_line    0x000069f0     0x1f70 ./Drivers/STM32G4xx_HAL_Driver/Src/stm32g4xx_hal_spi.o

.debug_str      0x00000000    0xe4839
 .debug_str     0x00000000    0xe2919 ./Core/Src/main.o
                              0xe2c49 (size before relaxing)
 .debug_str     0x000e2919       0x98 ./Core/Src/stm32g4xx_hal_msp.o
                              0xdf936 (size before relaxing)
 .debug_str     0x000e29b1      0x11a ./Core/Src/stm32g4xx_it.o
                              0xdf195 (size before relaxing)
 .debug_str     0x000e2acb       0xdb ./Core/Src/system_stm32g4xx.o
                              0xdeb9a (size before relaxing)
 .debug_str     0x000e2ba6       0x44 ./Core/Startup/startup_stm32g474retx.o
                                 0x70 (size before relaxing)
 .debug_str     0x000e2bea      0x5e3 ./Drivers/STM32G4xx_HAL_Driver/Src/stm32g4xx_hal.o
                              0xdf8ac (size before relaxing)
 .debug_str     0x000e31cd      0x355 ./Drivers/STM32G4xx_HAL_Driver/Src/stm32g4xx_hal_cortex.o
                              0xdf568 (size before relaxing)
 .debug_str     0x000e3522      0x2d8 ./Drivers/STM32G4xx_HAL_Driver/Src/stm32g4xx_hal_dma.o
                              0xdef74 (size before relaxing)
 .debug_str     0x000e37fa      0x146 ./Drivers/STM32G4xx_HAL_Driver/Src/stm32g4xx_hal_gpio.o
                              0xded25 (size before relaxing)
 .debug_str     0x000e3940      0x4a5 ./Drivers/STM32G4xx_HAL_Driver/Src/stm32g4xx_hal_pwr_ex.o
                              0xdf088 (size before relaxing)
 .debug_str     0x000e3de5      0x506 ./Drivers/STM32G4xx_HAL_Driver/Src/stm32g4xx_hal_rcc.o
                              0xdf2b9 (size before relaxing)
 .debug_str     0x000e42eb      0x54e ./Drivers/STM32G4xx_HAL_Driver/Src/stm32g4xx_hal_spi.o
                              0xdf4cc (size before relaxing)

.comment        0x00000000       0x43
 .comment       0x00000000       0x43 ./Core/Src/main.o
                                 0x44 (size before relaxing)
 .comment       0x00000043       0x44 ./Core/Src/stm32g4xx_hal_msp.o
 .comment       0x00000043       0x44 ./Core/Src/stm32g4xx_it.o
 .comment       0x00000043       0x44 ./Core/Src/system_stm32g4xx.o
 .comment       0x00000043       0x44 ./Drivers/STM32G4xx_HAL_Driver/Src/stm32g4xx_hal.o
 .comment       0x00000043       0x44 ./Drivers/STM32G4xx_HAL_Driver/Src/stm32g4xx_hal_cortex.o
 .comment       0x00000043       0x44 ./Drivers/STM32G4xx_HAL_Driver/Src/stm32g4xx_hal_dma.o
 .comment       0x00000043       0x44 ./Drivers/STM32G4xx_HAL_Driver/Src/stm32g4xx_hal_gpio.o
 .comment       0x00000043       0x44 ./Drivers/STM32G4xx_HAL_Driver/Src/stm32g4xx_hal_pwr_ex.o
 .comment       0x00000043       0x44 ./Drivers/STM32G4xx_HAL_Driver/Src/stm32g4xx_hal_rcc.o
 .comment       0x00000043       0x44 ./Drivers/STM32G4xx_HAL_Driver/Src/stm32g4xx_hal_spi.o

.debug_frame    0x00000000     0x203c
 .debug_frame   0x00000000       0xa8 ./Core/Src/main.o
 .debug_frame   0x000000a8       0x7c ./Core/Src/stm32g4xx_hal_msp.o
 .debug_frame   0x00000124      0x13c ./Core/Src/stm32g4xx_it.o
 .debug_frame   0x00000260       0x58 ./Core/Src/system_stm32g4xx.o
 .debug_frame   0x000002b8      0x500 ./Drivers/STM32G4xx_HAL_Driver/Src/stm32g4xx_hal.o
 .debug_frame   0x000007b8      0x4e8 ./Drivers/STM32G4xx_HAL_Driver/Src/stm32g4xx_hal_cortex.o
 .debug_frame   0x00000ca0      0x24c ./Drivers/STM32G4xx_HAL_Driver/Src/stm32g4xx_hal_dma.o
 .debug_frame   0x00000eec      0x14c ./Drivers/STM32G4xx_HAL_Driver/Src/stm32g4xx_hal_gpio.o
 .debug_frame   0x00001038      0x4fc ./Drivers/STM32G4xx_HAL_Driver/Src/stm32g4xx_hal_pwr_ex.o
 .debug_frame   0x00001534      0x23c ./Drivers/STM32G4xx_HAL_Driver/Src/stm32g4xx_hal_rcc.o
 .debug_frame   0x00001770      0x860 ./Drivers/STM32G4xx_HAL_Driver/Src/stm32g4xx_hal_spi.o
 .debug_frame   0x00001fd0       0x20 /home/kalsifer/st/stm32cubeide_1.16.1/plugins/com.st.stm32cube.ide.mcu.externaltools.gnu-tools-for-stm32.12.3.rel1.linux64_1.0.200.202406132123/tools/bin/../lib/gcc/arm-none-eabi/12.3.1/../../../../arm-none-eabi/lib/thumb/v7e-m+fp/hard/libc_nano.a(libc_a-memset.o)
 .debug_frame   0x00001ff0       0x2c /home/kalsifer/st/stm32cubeide_1.16.1/plugins/com.st.stm32cube.ide.mcu.externaltools.gnu-tools-for-stm32.12.3.rel1.linux64_1.0.200.202406132123/tools/bin/../lib/gcc/arm-none-eabi/12.3.1/../../../../arm-none-eabi/lib/thumb/v7e-m+fp/hard/libc_nano.a(libc_a-init.o)
 .debug_frame   0x0000201c       0x20 /home/kalsifer/st/stm32cubeide_1.16.1/plugins/com.st.stm32cube.ide.mcu.externaltools.gnu-tools-for-stm32.12.3.rel1.linux64_1.0.200.202406132123/tools/bin/../lib/gcc/arm-none-eabi/12.3.1/../../../../arm-none-eabi/lib/thumb/v7e-m+fp/hard/libc_nano.a(libc_a-strcmp.o)

.debug_line_str
                0x00000000       0x54
 .debug_line_str
                0x00000000       0x54 ./Core/Startup/startup_stm32g474retx.o
